12:00:00.007 AM ========================================
12:00:00.230 AM ==========Gọi Request tới site========
12:00:00.230 AM ========================================
12:12:00.012 AM ========================================
12:12:00.012 AM ==========Gọi Request tới site========
12:12:00.012 AM ========================================
12:24:00.011 AM ========================================
12:24:00.013 AM ==========Gọi Request tới site========
12:24:00.014 AM ========================================
12:36:00.001 AM ========================================
12:36:00.001 AM ==========Gọi Request tới site========
12:36:00.001 AM ========================================
12:48:00.000 AM ========================================
12:48:00.001 AM ==========Gọi Request tới site========
12:48:00.001 AM ========================================
01:00:00.016 AM ========================================
01:00:00.016 AM ==========Gọi Request tới site========
01:00:00.016 AM ========================================
01:12:00.010 AM ========================================
01:12:00.010 AM ==========Gọi Request tới site========
01:12:00.010 AM ========================================
01:24:00.002 AM ========================================
01:24:00.002 AM ==========Gọi Request tới site========
01:24:00.002 AM ========================================
01:36:00.014 AM ========================================
01:36:00.014 AM ==========Gọi Request tới site========
01:36:00.014 AM ========================================
01:48:00.012 AM ========================================
01:48:00.012 AM ==========Gọi Request tới site========
01:48:00.012 AM ========================================
02:00:00.012 AM ========================================
02:00:00.013 AM ==========Gọi Request tới site========
02:00:00.013 AM ========================================
02:12:00.010 AM ========================================
02:12:00.011 AM ==========Gọi Request tới site========
02:12:00.012 AM ========================================
02:24:00.000 AM ========================================
02:24:00.000 AM ==========Gọi Request tới site========
02:24:00.000 AM ========================================
02:36:00.002 AM ========================================
02:36:00.002 AM ==========Gọi Request tới site========
02:36:00.002 AM ========================================
02:48:00.011 AM ========================================
02:48:00.011 AM ==========Gọi Request tới site========
02:48:00.011 AM ========================================
03:00:00.001 AM ========================================
03:00:00.001 AM ==========Gọi Request tới site========
03:00:00.001 AM ========================================
03:12:00.012 AM ========================================
03:12:00.012 AM ==========Gọi Request tới site========
03:12:00.012 AM ========================================
03:24:00.005 AM ========================================
03:24:00.005 AM ==========Gọi Request tới site========
03:24:00.005 AM ========================================
03:36:00.001 AM ========================================
03:36:00.001 AM ==========Gọi Request tới site========
03:36:00.001 AM ========================================
03:48:00.014 AM ========================================
03:48:00.015 AM ==========Gọi Request tới site========
03:48:00.016 AM ========================================
04:00:00.006 AM ========================================
04:00:00.006 AM ==========Gọi Request tới site========
04:00:00.007 AM ========================================
04:12:00.010 AM ========================================
04:12:00.010 AM ==========Gọi Request tới site========
04:12:00.010 AM ========================================
04:24:00.003 AM ========================================
04:24:00.003 AM ==========Gọi Request tới site========
04:24:00.003 AM ========================================
04:36:00.005 AM ========================================
04:36:00.005 AM ==========Gọi Request tới site========
04:36:00.005 AM ========================================
04:48:00.011 AM ========================================
04:48:00.011 AM ==========Gọi Request tới site========
04:48:00.011 AM ========================================
05:00:00.000 AM ========================================
05:00:00.000 AM ==========Gọi Request tới site========
05:00:00.000 AM ========================================
05:12:00.002 AM ========================================
05:12:00.002 AM ==========Gọi Request tới site========
05:12:00.002 AM ========================================
05:24:00.000 AM ========================================
05:24:00.000 AM ==========Gọi Request tới site========
05:24:00.000 AM ========================================
05:36:00.006 AM ========================================
05:36:00.006 AM ==========Gọi Request tới site========
05:36:00.006 AM ========================================
05:48:00.010 AM ========================================
05:48:00.010 AM ==========Gọi Request tới site========
05:48:00.010 AM ========================================
06:00:00.000 AM ========================================
06:00:00.000 AM ==========Gọi Request tới site========
06:00:00.000 AM ========================================
06:12:00.009 AM ========================================
06:12:00.009 AM ==========Gọi Request tới site========
06:12:00.009 AM ========================================
06:24:00.001 AM ========================================
06:24:00.001 AM ==========Gọi Request tới site========
06:24:00.001 AM ========================================
06:36:00.003 AM ========================================
06:36:00.003 AM ==========Gọi Request tới site========
06:36:00.003 AM ========================================
06:48:00.014 AM ========================================
06:48:00.015 AM ==========Gọi Request tới site========
06:48:00.016 AM ========================================
07:00:00.001 AM ========================================
07:00:00.001 AM ==========Gọi Request tới site========
07:00:00.001 AM ========================================
07:12:00.011 AM ========================================
07:12:00.012 AM ==========Gọi Request tới site========
07:12:00.012 AM ========================================
07:24:00.010 AM ========================================
07:24:00.010 AM ==========Gọi Request tới site========
07:24:00.010 AM ========================================
07:36:00.013 AM ========================================
07:36:00.013 AM ==========Gọi Request tới site========
07:36:00.013 AM ========================================
07:48:00.002 AM ========================================
07:48:00.002 AM ==========Gọi Request tới site========
07:48:00.002 AM ========================================
08:00:00.013 AM ========================================
08:00:00.013 AM ==========Gọi Request tới site========
08:00:00.013 AM ========================================
08:12:00.011 AM ========================================
08:12:00.011 AM ==========Gọi Request tới site========
08:12:00.011 AM ========================================
08:24:00.003 AM ========================================
08:24:00.003 AM ==========Gọi Request tới site========
08:24:00.003 AM ========================================
08:36:00.008 AM ========================================
08:36:00.008 AM ==========Gọi Request tới site========
08:36:00.008 AM ========================================
08:48:00.007 AM ========================================
08:48:00.007 AM ==========Gọi Request tới site========
08:48:00.007 AM ========================================
09:00:00.002 AM ========================================
09:00:00.002 AM ==========Gọi Request tới site========
09:00:00.002 AM ========================================
09:12:00.013 AM ========================================
09:12:00.014 AM ==========Gọi Request tới site========
09:12:00.015 AM ========================================
09:24:00.002 AM ========================================
09:24:00.002 AM ==========Gọi Request tới site========
09:24:00.002 AM ========================================
09:36:00.011 AM ========================================
09:36:00.011 AM ==========Gọi Request tới site========
09:36:00.011 AM ========================================
09:48:00.013 AM ========================================
09:48:00.013 AM ==========Gọi Request tới site========
09:48:00.013 AM ========================================
10:00:00.001 AM ========================================
10:00:00.001 AM ==========Gọi Request tới site========
10:00:00.002 AM ========================================
10:12:00.001 AM ========================================
10:12:00.001 AM ==========Gọi Request tới site========
10:12:00.001 AM ========================================
10:24:00.007 AM ========================================
10:24:00.008 AM ==========Gọi Request tới site========
10:24:00.008 AM ========================================
10:36:00.002 AM ========================================
10:36:00.003 AM ==========Gọi Request tới site========
10:36:00.003 AM ========================================
10:48:00.006 AM ========================================
10:48:00.006 AM ==========Gọi Request tới site========
10:48:00.006 AM ========================================
11:00:00.002 AM ========================================
11:00:00.002 AM ==========Gọi Request tới site========
11:00:00.002 AM ========================================
11:12:00.006 AM ========================================
11:12:00.007 AM ==========Gọi Request tới site========
11:12:00.007 AM ========================================
11:24:00.014 AM ========================================
11:24:00.015 AM ==========Gọi Request tới site========
11:24:00.015 AM ========================================
11:36:00.003 AM ========================================
11:36:00.004 AM ==========Gọi Request tới site========
11:36:00.004 AM ========================================
11:48:00.012 AM ========================================
11:48:00.012 AM ==========Gọi Request tới site========
11:48:00.013 AM ========================================
12:00:00.001 PM ========================================
12:00:00.002 PM ==========Gọi Request tới site========
12:00:00.002 PM ========================================
12:12:00.007 PM ========================================
12:12:00.008 PM ==========Gọi Request tới site========
12:12:00.009 PM ========================================
12:24:00.008 PM ========================================
12:24:00.008 PM ==========Gọi Request tới site========
12:24:00.008 PM ========================================
12:36:00.012 PM ========================================
12:36:00.014 PM ==========Gọi Request tới site========
12:36:00.015 PM ========================================
12:48:00.000 PM ========================================
12:48:00.000 PM ==========Gọi Request tới site========
12:48:00.000 PM ========================================
01:00:00.014 PM ========================================
01:00:00.014 PM ==========Gọi Request tới site========
01:00:00.014 PM ========================================
01:12:00.007 PM ========================================
01:12:00.007 PM ==========Gọi Request tới site========
01:12:00.008 PM ========================================
01:24:00.014 PM ========================================
01:24:00.015 PM ==========Gọi Request tới site========
01:24:00.016 PM ========================================
01:36:00.000 PM ========================================
01:36:00.001 PM ==========Gọi Request tới site========
01:36:00.001 PM ========================================
01:48:00.004 PM ========================================
01:48:00.005 PM ==========Gọi Request tới site========
01:48:00.006 PM ========================================
02:00:00.000 PM ========================================
02:00:00.000 PM ==========Gọi Request tới site========
02:00:00.000 PM ========================================
02:12:00.008 PM ========================================
02:12:00.010 PM ==========Gọi Request tới site========
02:12:00.010 PM ========================================
02:24:00.001 PM ========================================
02:24:00.001 PM ==========Gọi Request tới site========
02:24:00.001 PM ========================================
02:36:00.008 PM ========================================
02:36:00.009 PM ==========Gọi Request tới site========
02:36:00.009 PM ========================================
02:48:00.003 PM ========================================
02:48:00.004 PM ==========Gọi Request tới site========
02:48:00.005 PM ========================================
03:00:00.011 PM ========================================
03:00:00.012 PM ==========Gọi Request tới site========
03:00:00.013 PM ========================================
03:12:00.004 PM ========================================
03:12:00.004 PM ==========Gọi Request tới site========
03:12:00.005 PM ========================================
03:12:24.038 PM  The network path was not found
03:12:24.038 PM Stack: 
03:12:24.039 PM .Net SqlClient Data Provider A network-related or instance-specific error occurred while establishing a connection to SQL Server. The server was not found or was not accessible. Verify that the instance name is correct and that SQL Server is configured to allow remote connections. (provider: Named Pipes Provider, error: 40 - Could not open a connection to SQL Server)
03:12:24.686 PM Stack: at System.Data.SqlClient.SqlInternalConnectionTds..ctor(DbConnectionPoolIdentity identity, SqlConnectionString connectionOptions, SqlCredential credential, Object providerInfo, String newPassword, SecureString newSecurePassword, Boolean redirectedUserInstance, SqlConnectionString userConnectionOptions, SessionData reconnectSessionData, DbConnectionPool pool, String accessToken, Boolean applyTransientFaultHandling, SqlAuthenticationProviderManager sqlAuthProviderManager)
   at System.Data.SqlClient.SqlConnectionFactory.CreateConnection(DbConnectionOptions options, DbConnectionPoolKey poolKey, Object poolGroupProviderInfo, DbConnectionPool pool, DbConnection owningConnection, DbConnectionOptions userOptions)
   at System.Data.ProviderBase.DbConnectionFactory.CreatePooledConnection(DbConnectionPool pool, DbConnection owningObject, DbConnectionOptions options, DbConnectionPoolKey poolKey, DbConnectionOptions userOptions)
   at System.Data.ProviderBase.DbConnectionPool.CreateObject(DbConnection owningObject, DbConnectionOptions userOptions, DbConnectionInternal oldConnection)
   at System.Data.ProviderBase.DbConnectionPool.UserCreateRequest(DbConnection owningObject, DbConnectionOptions userOptions, DbConnectionInternal oldConnection)
   at System.Data.ProviderBase.DbConnectionPool.TryGetConnection(DbConnection owningObject, UInt32 waitForMultipleObjectsTimeout, Boolean allowCreate, Boolean onlyOneCheckConnection, DbConnectionOptions userOptions, DbConnectionInternal& connection)
   at System.Data.ProviderBase.DbConnectionPool.TryGetConnection(DbConnection owningObject, TaskCompletionSource`1 retry, DbConnectionOptions userOptions, DbConnectionInternal& connection)
   at System.Data.ProviderBase.DbConnectionFactory.TryGetConnection(DbConnection owningConnection, TaskCompletionSource`1 retry, DbConnectionOptions userOptions, DbConnectionInternal oldConnection, DbConnectionInternal& connection)
   at System.Data.ProviderBase.DbConnectionInternal.TryOpenConnectionInternal(DbConnection outerConnection, DbConnectionFactory connectionFactory, TaskCompletionSource`1 retry, DbConnectionOptions userOptions)
   at System.Data.SqlClient.SqlConnection.TryOpenInner(TaskCompletionSource`1 retry)
   at System.Data.SqlClient.SqlConnection.TryOpen(TaskCompletionSource`1 retry)
   at System.Data.SqlClient.SqlConnection.Open()
   at TiSun.SqlDataProvider.CreateConnection(String newConnectionString)
   at TiSun.SqlDataProvider.CreateConnection()
   at TiSun.AutomaticConnectionScope..ctor(DataProvider provider)
   at TiSun.SqlDataProvider.GetReader(QueryCommand qry)
   at TiSun.DataService.GetReader(QueryCommand cmd)
   at TiSun.StoredProcedure.ExecuteTypedList[T]()
   at Plugable.SQLStoreProcedure.SQLStoreProcedure.ExecuteProcedureTypedList[T](String spName, Object[] parameters)
   at TSFramework.Core.Providers.StoreProcedureProvider.ExecuteScalarObject[T](String spName, String providerName, Object[] p) in E:\Projects\BaoCaoSoDuLich\trunk\Source\ReportDeptTourismSolution\TSFramework.Core\Providers\StoreProcedureProvider.cs:line 189
   at CenIT.ReportTourism.Biz.Sys.SysIpRequestBiz.GetByIP(String sIp) in E:\Projects\BaoCaoSoDuLich\trunk\Source\ReportDeptTourismSolution\CenIT.ReportTourism.Biz\Sys\SysIPRequestBiz.cs:line 13
   at CenIT.ReportTourism.Caches.Sys.SysIpRequestCache.GetByIp(String sIpRequest) in E:\Projects\BaoCaoSoDuLich\trunk\Source\ReportDeptTourismSolution\CenIT.ReportTourism.Caches\Sys\SysIPRequestCache.cs:line 25
   at CenIT.ReportTourism.WebApp.WebApiApplication.Application_BeginRequest(Object sender, EventArgs e) in E:\Projects\BaoCaoSoDuLich\trunk\Source\ReportDeptTourismSolution\CenIT.ReportTourism.WebApp\Global.asax.cs:line 35
   at System.Web.HttpApplication.SyncEventExecutionStep.System.Web.HttpApplication.IExecutionStep.Execute()
   at System.Web.HttpApplication.ExecuteStepImpl(IExecutionStep step)
   at System.Web.HttpApplication.ExecuteStep(IExecutionStep step, Boolean& completedSynchronously)
03:24:00.002 PM ========================================
03:24:00.002 PM ==========Gọi Request tới site========
03:24:00.002 PM ========================================
03:36:00.001 PM ========================================
03:36:00.001 PM ==========Gọi Request tới site========
03:36:00.001 PM ========================================
03:48:00.013 PM ========================================
03:48:00.013 PM ==========Gọi Request tới site========
03:48:00.013 PM ========================================
04:00:00.002 PM ========================================
04:00:00.002 PM ==========Gọi Request tới site========
04:00:00.002 PM ========================================
04:12:00.007 PM ========================================
04:12:00.007 PM ==========Gọi Request tới site========
04:12:00.008 PM ========================================
04:24:00.013 PM ========================================
04:24:00.013 PM ==========Gọi Request tới site========
04:24:00.015 PM ========================================
04:36:00.010 PM ========================================
04:36:00.010 PM ==========Gọi Request tới site========
04:36:00.011 PM ========================================
04:48:00.006 PM ========================================
04:48:00.006 PM ==========Gọi Request tới site========
04:48:00.007 PM ========================================
05:00:00.009 PM ========================================
05:00:00.009 PM ==========Gọi Request tới site========
05:00:00.010 PM ========================================
05:12:00.007 PM ========================================
05:12:00.008 PM ==========Gọi Request tới site========
05:12:00.008 PM ========================================
05:24:00.003 PM ========================================
05:24:00.003 PM ==========Gọi Request tới site========
05:24:00.003 PM ========================================
05:36:00.008 PM ========================================
05:36:00.008 PM ==========Gọi Request tới site========
05:36:00.008 PM ========================================
05:48:00.007 PM ========================================
05:48:00.008 PM ==========Gọi Request tới site========
05:48:00.008 PM ========================================
06:00:00.006 PM ========================================
06:00:00.007 PM ==========Gọi Request tới site========
06:00:00.007 PM ========================================
06:12:00.007 PM ========================================
06:12:00.007 PM ==========Gọi Request tới site========
06:12:00.007 PM ========================================
06:24:00.001 PM ========================================
06:24:00.005 PM ==========Gọi Request tới site========
06:24:00.006 PM ========================================
06:36:00.010 PM ========================================
06:36:00.010 PM ==========Gọi Request tới site========
06:36:00.010 PM ========================================
06:48:00.002 PM ========================================
06:48:00.002 PM ==========Gọi Request tới site========
06:48:00.002 PM ========================================
07:00:00.003 PM ========================================
07:00:00.003 PM ==========Gọi Request tới site========
07:00:00.003 PM ========================================
07:12:00.004 PM ========================================
07:12:00.004 PM ==========Gọi Request tới site========
07:12:00.004 PM ========================================
07:24:00.010 PM ========================================
07:24:00.011 PM ==========Gọi Request tới site========
07:24:00.011 PM ========================================
07:36:00.012 PM ========================================
07:36:00.013 PM ==========Gọi Request tới site========
07:36:00.013 PM ========================================
07:48:00.006 PM ========================================
07:48:00.006 PM ==========Gọi Request tới site========
07:48:00.006 PM ========================================
08:00:00.010 PM ========================================
08:00:00.010 PM ==========Gọi Request tới site========
08:00:00.010 PM ========================================
08:12:00.014 PM ========================================
08:12:00.014 PM ==========Gọi Request tới site========
08:12:00.014 PM ========================================
08:24:00.011 PM ========================================
08:24:00.012 PM ==========Gọi Request tới site========
08:24:00.013 PM ========================================
