11:30:18.693 AM  The specified network name is no longer available
11:30:18.693 AM Stack: 
11:30:18.703 AM .Net SqlClient Data Provider A network-related or instance-specific error occurred while establishing a connection to SQL Server. The server was not found or was not accessible. Verify that the instance name is correct and that SQL Server is configured to allow remote connections. (provider: Named Pipes Provider, error: 40 - Could not open a connection to SQL Server)
11:30:18.878 AM Stack: at System.Data.SqlClient.SqlInternalConnectionTds..ctor(DbConnectionPoolIdentity identity, SqlConnectionString connectionOptions, SqlCredential credential, Object providerInfo, String newPassword, SecureString newSecurePassword, Boolean redirectedUserInstance, SqlConnectionString userConnectionOptions, SessionData reconnectSessionData, DbConnectionPool pool, String accessToken, Boolean applyTransientFaultHandling, SqlAuthenticationProviderManager sqlAuthProviderManager)
   at System.Data.SqlClient.SqlConnectionFactory.CreateConnection(DbConnectionOptions options, DbConnectionPoolKey poolKey, Object poolGroupProviderInfo, DbConnectionPool pool, DbConnection owningConnection, DbConnectionOptions userOptions)
   at System.Data.ProviderBase.DbConnectionFactory.CreatePooledConnection(DbConnectionPool pool, DbConnection owningObject, DbConnectionOptions options, DbConnectionPoolKey poolKey, DbConnectionOptions userOptions)
   at System.Data.ProviderBase.DbConnectionPool.CreateObject(DbConnection owningObject, DbConnectionOptions userOptions, DbConnectionInternal oldConnection)
   at System.Data.ProviderBase.DbConnectionPool.UserCreateRequest(DbConnection owningObject, DbConnectionOptions userOptions, DbConnectionInternal oldConnection)
   at System.Data.ProviderBase.DbConnectionPool.TryGetConnection(DbConnection owningObject, UInt32 waitForMultipleObjectsTimeout, Boolean allowCreate, Boolean onlyOneCheckConnection, DbConnectionOptions userOptions, DbConnectionInternal& connection)
   at System.Data.ProviderBase.DbConnectionPool.TryGetConnection(DbConnection owningObject, TaskCompletionSource`1 retry, DbConnectionOptions userOptions, DbConnectionInternal& connection)
   at System.Data.ProviderBase.DbConnectionFactory.TryGetConnection(DbConnection owningConnection, TaskCompletionSource`1 retry, DbConnectionOptions userOptions, DbConnectionInternal oldConnection, DbConnectionInternal& connection)
   at System.Data.ProviderBase.DbConnectionInternal.TryOpenConnectionInternal(DbConnection outerConnection, DbConnectionFactory connectionFactory, TaskCompletionSource`1 retry, DbConnectionOptions userOptions)
   at System.Data.SqlClient.SqlConnection.TryOpenInner(TaskCompletionSource`1 retry)
   at System.Data.SqlClient.SqlConnection.TryOpen(TaskCompletionSource`1 retry)
   at System.Data.SqlClient.SqlConnection.Open()
   at TiSun.SqlDataProvider.CreateConnection(String newConnectionString)
   at TiSun.SqlDataProvider.CreateConnection()
   at TiSun.AutomaticConnectionScope..ctor(DataProvider provider)
   at TiSun.SqlDataProvider.GetReader(QueryCommand qry)
   at Plugable.SQLStoreProcedure.SQLStoreProcedure.GetProcedures()
   at Plugable.SQLStoreProcedure.SQLStoreProcedure.get_ListProcedures()
   at Plugable.SQLStoreProcedure.SQLStoreProcedure.InitStoreProcedure(String keySpName, Object[] parameters)
   at Plugable.SQLStoreProcedure.SQLStoreProcedure.ExecuteProcedureTypedList[T](String spName, Object[] parameters)
   at TSFramework.Core.Providers.StoreProcedureProvider.ExecuteTypedList[T](String spName, String providerName, Object[] p) in E:\Projects\BaoCaoSoDuLich\trunk\Source\ReportDeptTourismSolution\TSFramework.Core\Providers\StoreProcedureProvider.cs:line 202
   at CenIT.ReportTourism.Biz.Sys.SysJobBiz.Get(Int32& total, SysSearchModel search) in E:\Projects\BaoCaoSoDuLich\trunk\Source\ReportDeptTourismSolution\CenIT.ReportTourism.Biz\Sys\SysJobBiz.cs:line 28
   at CenIT.ReportTourism.Biz.Sys.SysJobBiz.GetAll() in E:\Projects\BaoCaoSoDuLich\trunk\Source\ReportDeptTourismSolution\CenIT.ReportTourism.Biz\Sys\SysJobBiz.cs:line 59
   at CenIT.ReportTourism.Caches.Sys.SysJobCache.GetAll() in E:\Projects\BaoCaoSoDuLich\trunk\Source\ReportDeptTourismSolution\CenIT.ReportTourism.Caches\Sys\SysJobCache.cs:line 26
   at CenIT.ReportTourism.WebApp.WebApiApplication.RegisterScheduleJobs() in E:\Projects\BaoCaoSoDuLich\trunk\Source\ReportDeptTourismSolution\CenIT.ReportTourism.WebApp\Global.asax.cs:line 54
   at CenIT.ReportTourism.WebApp.WebApiApplication.Application_Start() in E:\Projects\BaoCaoSoDuLich\trunk\Source\ReportDeptTourismSolution\CenIT.ReportTourism.WebApp\Global.asax.cs:line 27
02:12:00.036 PM ========================================
02:12:00.037 PM ==========Gọi Request tới site========
02:12:00.037 PM ========================================
02:24:00.010 PM ========================================
02:24:00.011 PM ==========Gọi Request tới site========
02:24:00.011 PM ========================================
02:36:00.014 PM ========================================
02:36:00.014 PM ==========Gọi Request tới site========
02:36:00.014 PM ========================================
02:48:00.000 PM ========================================
02:48:00.000 PM ==========Gọi Request tới site========
02:48:00.000 PM ========================================
03:00:00.004 PM ========================================
03:00:00.004 PM ==========Gọi Request tới site========
03:00:00.004 PM ========================================
03:12:00.015 PM ========================================
03:12:00.015 PM ==========Gọi Request tới site========
03:12:00.015 PM ========================================
03:24:00.004 PM ========================================
03:24:00.004 PM ==========Gọi Request tới site========
03:24:00.004 PM ========================================
03:36:00.005 PM ========================================
03:36:00.006 PM ==========Gọi Request tới site========
03:36:00.006 PM ========================================
03:48:00.008 PM ========================================
03:48:00.008 PM ==========Gọi Request tới site========
03:48:00.008 PM ========================================
04:00:00.000 PM ========================================
04:00:00.000 PM ==========Gọi Request tới site========
04:00:00.000 PM ========================================
04:12:00.005 PM ========================================
04:12:00.005 PM ==========Gọi Request tới site========
04:12:00.005 PM ========================================
04:24:00.000 PM ========================================
04:24:00.000 PM ==========Gọi Request tới site========
04:24:00.000 PM ========================================
04:36:00.010 PM ========================================
04:36:00.010 PM ==========Gọi Request tới site========
04:36:00.010 PM ========================================
04:48:00.138 PM ========================================
04:48:00.138 PM ==========Gọi Request tới site========
04:48:00.138 PM ========================================
05:00:00.002 PM ========================================
05:00:00.003 PM ==========Gọi Request tới site========
05:00:00.003 PM ========================================
05:12:00.000 PM ========================================
05:12:00.000 PM ==========Gọi Request tới site========
05:12:00.000 PM ========================================
05:24:00.012 PM ========================================
05:24:00.012 PM ==========Gọi Request tới site========
05:24:00.012 PM ========================================
05:36:00.006 PM ========================================
05:36:00.006 PM ==========Gọi Request tới site========
05:36:00.007 PM ========================================
05:48:00.005 PM ========================================
05:48:00.006 PM ==========Gọi Request tới site========
05:48:00.006 PM ========================================
06:00:00.004 PM ========================================
06:00:00.004 PM ==========Gọi Request tới site========
06:00:00.005 PM ========================================
06:12:00.005 PM ========================================
06:12:00.005 PM ==========Gọi Request tới site========
06:12:00.005 PM ========================================
06:24:00.012 PM ========================================
06:24:00.013 PM ==========Gọi Request tới site========
06:24:00.013 PM ========================================
06:36:00.014 PM ========================================
06:36:00.014 PM ==========Gọi Request tới site========
06:36:00.014 PM ========================================
06:48:00.000 PM ========================================
06:48:00.001 PM ==========Gọi Request tới site========
06:48:00.001 PM ========================================
07:00:00.000 PM ========================================
07:00:00.001 PM ==========Gọi Request tới site========
07:00:00.001 PM ========================================
07:12:00.004 PM ========================================
07:12:00.004 PM ==========Gọi Request tới site========
07:12:00.004 PM ========================================
07:24:00.004 PM ========================================
07:24:00.005 PM ==========Gọi Request tới site========
07:24:00.006 PM ========================================
07:36:00.007 PM ========================================
07:36:00.008 PM ==========Gọi Request tới site========
07:36:00.009 PM ========================================
07:48:00.000 PM ========================================
07:48:00.000 PM ==========Gọi Request tới site========
07:48:00.000 PM ========================================
08:00:00.009 PM ========================================
08:00:00.010 PM ==========Gọi Request tới site========
08:00:00.010 PM ========================================
08:12:00.001 PM ========================================
08:12:00.002 PM ==========Gọi Request tới site========
08:12:00.002 PM ========================================
08:24:00.014 PM ========================================
08:24:00.014 PM ==========Gọi Request tới site========
08:24:00.015 PM ========================================
08:36:00.006 PM ========================================
08:36:00.007 PM ==========Gọi Request tới site========
08:36:00.007 PM ========================================
08:48:00.000 PM ========================================
08:48:00.000 PM ==========Gọi Request tới site========
08:48:00.001 PM ========================================
09:00:00.007 PM ========================================
09:00:00.008 PM ==========Gọi Request tới site========
09:00:00.008 PM ========================================
09:12:00.000 PM ========================================
09:12:00.000 PM ==========Gọi Request tới site========
09:12:00.001 PM ========================================
09:24:00.014 PM ========================================
09:24:00.014 PM ==========Gọi Request tới site========
09:24:00.014 PM ========================================
09:36:00.012 PM ========================================
09:36:00.013 PM ==========Gọi Request tới site========
09:36:00.013 PM ========================================
09:48:00.001 PM ========================================
09:48:00.001 PM ==========Gọi Request tới site========
09:48:00.001 PM ========================================
10:00:00.013 PM ========================================
10:00:00.013 PM ==========Gọi Request tới site========
10:00:00.013 PM ========================================
10:12:00.004 PM ========================================
10:12:00.005 PM ==========Gọi Request tới site========
10:12:00.005 PM ========================================
10:24:00.005 PM ========================================
10:24:00.005 PM ==========Gọi Request tới site========
10:24:00.005 PM ========================================
10:36:00.005 PM ========================================
10:36:00.006 PM ==========Gọi Request tới site========
10:36:00.007 PM ========================================
10:48:00.002 PM ========================================
10:48:00.002 PM ==========Gọi Request tới site========
10:48:00.002 PM ========================================
11:00:00.011 PM ========================================
11:00:00.011 PM ==========Gọi Request tới site========
11:00:00.012 PM ========================================
11:12:00.015 PM ========================================
11:12:00.015 PM ==========Gọi Request tới site========
11:12:00.015 PM ========================================
11:24:00.004 PM ========================================
11:24:00.004 PM ==========Gọi Request tới site========
11:24:00.005 PM ========================================
11:36:00.012 PM ========================================
11:36:00.012 PM ==========Gọi Request tới site========
11:36:00.012 PM ========================================
11:48:00.015 PM ========================================
11:48:00.015 PM ==========Gọi Request tới site========
11:48:00.015 PM ========================================
