12:00:00.004 AM ========================================
12:00:00.020 AM ==========Gọi Request tới site========
12:00:00.021 AM ========================================
12:12:00.001 AM ========================================
12:12:00.001 AM ==========Gọi Request tới site========
12:12:00.002 AM ========================================
12:24:00.013 AM ========================================
12:24:00.013 AM ==========Gọi Request tới site========
12:24:00.013 AM ========================================
12:36:00.010 AM ========================================
12:36:00.012 AM ==========Gọi Request tới site========
12:36:00.013 AM ========================================
12:48:00.007 AM ========================================
12:48:00.008 AM ==========Gọi Request tới site========
12:48:00.008 AM ========================================
01:00:00.004 AM ========================================
01:00:00.005 AM ==========Gọi Request tới site========
01:00:00.005 AM ========================================
01:12:00.011 AM ========================================
01:12:00.012 AM ==========Gọi Request tới site========
01:12:00.012 AM ========================================
01:24:00.001 AM ========================================
01:24:00.002 AM ==========Gọi Request tới site========
01:24:00.002 AM ========================================
01:36:00.004 AM ========================================
01:36:00.006 AM ==========Gọi Request tới site========
01:36:00.008 AM ========================================
01:48:00.001 AM ========================================
01:48:00.001 AM ==========Gọi Request tới site========
01:48:00.002 AM ========================================
02:00:00.008 AM ========================================
02:00:00.009 AM ==========Gọi Request tới site========
02:00:00.009 AM ========================================
02:12:00.001 AM ========================================
02:12:00.002 AM ==========Gọi Request tới site========
02:12:00.002 AM ========================================
02:24:00.005 AM ========================================
02:24:00.005 AM ==========Gọi Request tới site========
02:24:00.005 AM ========================================
02:36:00.011 AM ========================================
02:36:00.011 AM ==========Gọi Request tới site========
02:36:00.011 AM ========================================
02:48:00.001 AM ========================================
02:48:00.001 AM ==========Gọi Request tới site========
02:48:00.002 AM ========================================
03:00:00.010 AM ========================================
03:00:00.012 AM ==========Gọi Request tới site========
03:00:00.013 AM ========================================
03:12:00.010 AM ========================================
03:12:00.011 AM ==========Gọi Request tới site========
03:12:00.012 AM ========================================
03:24:00.000 AM ========================================
03:24:00.000 AM ==========Gọi Request tới site========
03:24:00.001 AM ========================================
03:36:00.007 AM ========================================
03:36:00.007 AM ==========Gọi Request tới site========
03:36:00.008 AM ========================================
03:48:00.011 AM ========================================
03:48:00.011 AM ==========Gọi Request tới site========
03:48:00.012 AM ========================================
04:00:00.004 AM ========================================
04:00:00.005 AM ==========Gọi Request tới site========
04:00:00.006 AM ========================================
04:12:00.013 AM ========================================
04:12:00.013 AM ==========Gọi Request tới site========
04:12:00.013 AM ========================================
04:24:00.010 AM ========================================
04:24:00.010 AM ==========Gọi Request tới site========
04:24:00.010 AM ========================================
04:36:00.009 AM ========================================
04:36:00.009 AM ==========Gọi Request tới site========
04:36:00.010 AM ========================================
04:48:00.007 AM ========================================
04:48:00.008 AM ==========Gọi Request tới site========
04:48:00.008 AM ========================================
05:00:00.011 AM ========================================
05:00:00.012 AM ==========Gọi Request tới site========
05:00:00.012 AM ========================================
05:12:00.009 AM ========================================
05:12:00.011 AM ==========Gọi Request tới site========
05:12:00.012 AM ========================================
05:24:00.011 AM ========================================
05:24:00.013 AM ==========Gọi Request tới site========
05:24:00.014 AM ========================================
05:36:00.014 AM ========================================
05:36:00.016 AM ==========Gọi Request tới site========
05:36:00.018 AM ========================================
05:48:00.002 AM ========================================
05:48:00.005 AM ==========Gọi Request tới site========
05:48:00.006 AM ========================================
06:00:00.018 AM ========================================
06:00:00.020 AM ==========Gọi Request tới site========
06:00:00.022 AM ========================================
06:12:00.009 AM ========================================
06:12:00.009 AM ==========Gọi Request tới site========
06:12:00.010 AM ========================================
06:24:00.000 AM ========================================
06:24:00.001 AM ==========Gọi Request tới site========
06:24:00.001 AM ========================================
06:36:00.010 AM ========================================
06:36:00.010 AM ==========Gọi Request tới site========
06:36:00.011 AM ========================================
06:48:00.008 AM ========================================
06:48:00.009 AM ==========Gọi Request tới site========
06:48:00.009 AM ========================================
07:00:00.000 AM ========================================
07:00:00.001 AM ==========Gọi Request tới site========
07:00:00.002 AM ========================================
07:12:00.008 AM ========================================
07:12:00.009 AM ==========Gọi Request tới site========
07:12:00.009 AM ========================================
07:24:00.012 AM ========================================
07:24:00.012 AM ==========Gọi Request tới site========
07:24:00.012 AM ========================================
07:36:00.010 AM ========================================
07:36:00.012 AM ==========Gọi Request tới site========
07:36:00.013 AM ========================================
07:48:00.000 AM ========================================
07:48:00.001 AM ==========Gọi Request tới site========
07:48:00.001 AM ========================================
08:00:00.010 AM ========================================
08:00:00.024 AM ==========Gọi Request tới site========
08:00:00.028 AM ========================================
08:26:35.369 AM mscorlib The given key was not present in the dictionary.
08:26:35.370 AM Stack: at System.ThrowHelper.ThrowKeyNotFoundException()
   at System.Collections.Generic.Dictionary`2.get_Item(TKey key)
   at Plugable.SQLStoreProcedure.SQLStoreProcedure.InitStoreProcedure(String keySpName, Object[] parameters)
   at Plugable.SQLStoreProcedure.SQLStoreProcedure.ExecuteProcedureTypedList[T](String spName, Object[] parameters)
   at TSFramework.Core.Providers.StoreProcedureProvider.ExecuteTypedList[T](String spName, String providerName, Object[] p) in E:\Projects\BaoCaoSoDuLich\trunk\Source\ReportDeptTourismSolution\TSFramework.Core\Providers\StoreProcedureProvider.cs:line 202
   at CenIT.ReportTourism.Biz.Sys.SysJobBiz.Get(Int32& total, SysSearchModel search) in E:\Projects\BaoCaoSoDuLich\trunk\Source\ReportDeptTourismSolution\CenIT.ReportTourism.Biz\Sys\SysJobBiz.cs:line 28
   at CenIT.ReportTourism.Biz.Sys.SysJobBiz.GetAll() in E:\Projects\BaoCaoSoDuLich\trunk\Source\ReportDeptTourismSolution\CenIT.ReportTourism.Biz\Sys\SysJobBiz.cs:line 59
   at CenIT.ReportTourism.Caches.Sys.SysJobCache.GetAll() in E:\Projects\BaoCaoSoDuLich\trunk\Source\ReportDeptTourismSolution\CenIT.ReportTourism.Caches\Sys\SysJobCache.cs:line 26
   at CenIT.ReportTourism.WebApp.WebApiApplication.RegisterScheduleJobs() in E:\Projects\BaoCaoSoDuLich\trunk\Source\ReportDeptTourismSolution\CenIT.ReportTourism.WebApp\Global.asax.cs:line 54
   at CenIT.ReportTourism.WebApp.WebApiApplication.Application_Start() in E:\Projects\BaoCaoSoDuLich\trunk\Source\ReportDeptTourismSolution\CenIT.ReportTourism.WebApp\Global.asax.cs:line 27
08:26:46.967 AM mscorlib The given key was not present in the dictionary.
08:26:46.968 AM Stack: at System.ThrowHelper.ThrowKeyNotFoundException()
   at System.Collections.Generic.Dictionary`2.get_Item(TKey key)
   at Plugable.SQLStoreProcedure.SQLStoreProcedure.InitStoreProcedure(String keySpName, Object[] parameters)
   at Plugable.SQLStoreProcedure.SQLStoreProcedure.ExecuteProcedureTypedList[T](String spName, Object[] parameters)
   at TSFramework.Core.Providers.StoreProcedureProvider.ExecuteTypedList[T](String spName, String providerName, Object[] p) in E:\Projects\BaoCaoSoDuLich\trunk\Source\ReportDeptTourismSolution\TSFramework.Core\Providers\StoreProcedureProvider.cs:line 202
   at CenIT.ReportTourism.Biz.Sys.SysJobBiz.Get(Int32& total, SysSearchModel search) in E:\Projects\BaoCaoSoDuLich\trunk\Source\ReportDeptTourismSolution\CenIT.ReportTourism.Biz\Sys\SysJobBiz.cs:line 28
   at CenIT.ReportTourism.Biz.Sys.SysJobBiz.GetAll() in E:\Projects\BaoCaoSoDuLich\trunk\Source\ReportDeptTourismSolution\CenIT.ReportTourism.Biz\Sys\SysJobBiz.cs:line 59
   at CenIT.ReportTourism.Caches.Sys.SysJobCache.GetAll() in E:\Projects\BaoCaoSoDuLich\trunk\Source\ReportDeptTourismSolution\CenIT.ReportTourism.Caches\Sys\SysJobCache.cs:line 26
   at CenIT.ReportTourism.WebApp.WebApiApplication.RegisterScheduleJobs() in E:\Projects\BaoCaoSoDuLich\trunk\Source\ReportDeptTourismSolution\CenIT.ReportTourism.WebApp\Global.asax.cs:line 54
   at CenIT.ReportTourism.WebApp.WebApiApplication.Application_Start() in E:\Projects\BaoCaoSoDuLich\trunk\Source\ReportDeptTourismSolution\CenIT.ReportTourism.WebApp\Global.asax.cs:line 27
08:28:09.142 AM mscorlib The given key was not present in the dictionary.
08:28:09.143 AM Stack: at System.ThrowHelper.ThrowKeyNotFoundException()
   at System.Collections.Generic.Dictionary`2.get_Item(TKey key)
   at Plugable.SQLStoreProcedure.SQLStoreProcedure.InitStoreProcedure(String keySpName, Object[] parameters)
   at Plugable.SQLStoreProcedure.SQLStoreProcedure.ExecuteProcedureTypedList[T](String spName, Object[] parameters)
   at TSFramework.Core.Providers.StoreProcedureProvider.ExecuteTypedList[T](String spName, String providerName, Object[] p) in F:\Extends\Projects\Gits\BaoCao.SCT\Source\ReportDeptTourismSolution\TSFramework.Core\Providers\StoreProcedureProvider.cs:line 202
   at CenIT.ReportTourism.Biz.Sys.SysJobBiz.Get(Int32& total, SysSearchModel search) in F:\Extends\Projects\Gits\BaoCao.SCT\Source\ReportDeptTourismSolution\CenIT.ReportTourism.Biz\Sys\SysJobBiz.cs:line 28
   at CenIT.ReportTourism.Biz.Sys.SysJobBiz.GetAll() in F:\Extends\Projects\Gits\BaoCao.SCT\Source\ReportDeptTourismSolution\CenIT.ReportTourism.Biz\Sys\SysJobBiz.cs:line 59
   at CenIT.ReportTourism.Caches.Sys.SysJobCache.GetAll() in F:\Extends\Projects\Gits\BaoCao.SCT\Source\ReportDeptTourismSolution\CenIT.ReportTourism.Caches\Sys\SysJobCache.cs:line 26
   at CenIT.ReportTourism.WebApp.WebApiApplication.RegisterScheduleJobs() in F:\Extends\Projects\Gits\BaoCao.SCT\Source\ReportDeptTourismSolution\CenIT.ReportTourism.WebApp\Global.asax.cs:line 54
   at CenIT.ReportTourism.WebApp.WebApiApplication.Application_Start() in F:\Extends\Projects\Gits\BaoCao.SCT\Source\ReportDeptTourismSolution\CenIT.ReportTourism.WebApp\Global.asax.cs:line 27
08:36:00.031 AM ========================================
08:36:00.031 AM ==========Gọi Request tới site========
08:36:00.032 AM ========================================
08:48:00.002 AM ========================================
08:48:00.017 AM ==========Gọi Request tới site========
08:48:00.020 AM ========================================
09:00:00.013 AM ========================================
09:00:00.014 AM ==========Gọi Request tới site========
09:00:00.015 AM ========================================
09:12:00.004 AM ========================================
09:12:00.040 AM ==========Gọi Request tới site========
09:12:00.052 AM ========================================
